Stella 7.0
> autoExec():
script file '~/.config/stella/autoexec.script' not found
script file '~/font_manager_original.script' not found
config file '~/.config/stella/cfg/font_manager_original.cf
g' not found
list file 'font_manager_original.lst' not found
symbol file 'font_manager_original.sym' not found
> run
> frame
advanced 1 frame(s)
> print *$80
CXBLPF|$70(R): $76 %01110110 #118
> print *$81
CXP0FB|$10(R) / RESM0(W): $12 %00010010 #18
> print *$82
ram_F0(R/W): $f0 %11110000 #240
> print *$83
CXBLPF|$70(R): $76 %01110110 #118
> print *$84
CXP0FB|$10(R) / RESM0(W): $12 %00010010 #18
> print *$85
ram_F0(R/W): $f0 %11110000 #240
> print *$86
CXBLPF|$70(R): $76 %01110110 #118
> print *$87
CXP0FB|$10(R) / RESM0(W): $12 %00010010 #18
> print *$8f
CXBLPF|$70(R): $76 %01110110 #118
> print *$90
CXP0FB|$10(R) / RESM0(W): $12 %00010010 #18
> print *$93
CXP0FB|$10(R) / RESM0(W): $12 %00010010 #18
> print *$94
ram_F0(R/W): $f0 %11110000 #240
> print *$95
CXBLPF|$70(R): $76 %01110110 #118
> saveSes font_debug.log
